// Jest Snapshot v1, https://goo.gl/fbAQLP

exports[`Test InputForm Component renders without crushing 1`] = `ReactWrapper {}`;
